[1/135] A r1 007_bokchun_01.jpg: 77 items, in 2305 out 3402 thought 0, 10650 ms
[2/135] A r1 007_bokchun_02.jpg: 52 items, in 2305 out 2234 thought 0, 9916 ms
[3/135] A r1 007_bokchun_03.jpg: 18 items, in 2305 out 785 thought 0, 3727 ms
[4/135] A r1 007_bokchun_04.jpg: 0 items, in 2305 out 5 thought 0, 2654 ms
[5/135] A r1 008_seorosang_01.png: 20 items, in 2319 out 1162 thought 0, 4370 ms
[6/135] A r1 008_seorosang_02.png: 18 items, in 2319 out 1133 thought 0, 4262 ms
[7/135] A r1 008_seorosang_03.png: 22 items, in 2319 out 1391 thought 0, 4907 ms
[8/135] A r1 008_seorosang_04.png: 0 items, in 2319 out 5 thought 0, 2433 ms
[9/135] A r1 008_seorosang_05.png: 14 items, in 2319 out 935 thought 0, 3958 ms
[10/135] A2 r1 007_bokchun_01.jpg: 77 items, in 2305 out 3402 thought 1848, 13386 ms
[11/135] A2 r1 007_bokchun_02.jpg: 52 items, in 2305 out 2865 thought 3059, 15727 ms
[12/135] A2 r1 007_bokchun_03.jpg: 16 items, in 2305 out 901 thought 1835, 8695 ms
[13/135] A2 r1 007_bokchun_04.jpg: 0 items, in 2305 out 5 thought 1514, 7278 ms
[14/135] A2 r1 008_seorosang_01.png: 20 items, in 2319 out 1154 thought 1251, 6989 ms
[15/135] A2 r1 008_seorosang_02.png: 18 items, in 2319 out 1137 thought 1775, 7685 ms
[16/135] A2 r1 008_seorosang_03.png: 22 items, in 2319 out 1391 thought 1664, 8337 ms
[17/135] A2 r1 008_seorosang_04.png: 0 items, in 2319 out 5 thought 328, 2835 ms
[18/135] A2 r1 008_seorosang_05.png: 14 items, in 2319 out 926 thought 1219, 7151 ms
[19/135] B r1 007_bokchun_01.jpg: 77 items, in 2305 out 4324 thought 2552, 103941 ms
[20/135] B r1 007_bokchun_02.jpg: 52 items, in 2305 out 2865 thought 2783, 23181 ms
[21/135] B r1 007_bokchun_03.jpg: 16 items, in 2305 out 901 thought 1927, 53219 ms
[22/135] B r1 007_bokchun_04.jpg: 0 items, in 2305 out 5 thought 381, 5133 ms
[23/135] B r1 008_seorosang_01.png: 20 items, in 2319 out 1152 thought 1679, 13326 ms
[24/135] B r1 008_seorosang_02.png: 18 items, in 2319 out 1131 thought 1269, 50070 ms
[25/135] B r1 008_seorosang_03.png: 22 items, in 2319 out 1391 thought 1807, 13791 ms
[26/135] B r1 008_seorosang_04.png: 0 items, in 2319 out 5 thought 327, 5038 ms
[27/135] B r1 008_seorosang_05.png: 14 items, in 2319 out 921 thought 1269, 44176 ms
[28/135] A r2 007_bokchun_01.jpg: 77 items, in 2305 out 3406 thought 0, 8773 ms
[29/135] A r2 007_bokchun_02.jpg: 52 items, in 2305 out 2865 thought 0, 8160 ms
[30/135] A r2 007_bokchun_03.jpg: 16 items, in 2305 out 703 thought 0, 3924 ms
[31/135] A r2 007_bokchun_04.jpg: 0 items, in 2305 out 9 thought 0, 3390 ms
[32/135] A r2 008_seorosang_01.png: 20 items, in 2319 out 1156 thought 0, 4215 ms
[33/135] A r2 008_seorosang_02.png: 18 items, in 2319 out 1145 thought 0, 4223 ms
[34/135] A r2 008_seorosang_03.png: 22 items, in 2319 out 1413 thought 0, 4835 ms
[35/135] A r2 008_seorosang_04.png: 0 items, in 2319 out 5 thought 0, 2023 ms
[36/135] A r2 008_seorosang_05.png: 14 items, in 2319 out 929 thought 0, 3800 ms
[37/135] A2 r2 007_bokchun_01.jpg: 77 items, in 2305 out 3402 thought 2104, 13542 ms
[38/135] A2 r2 007_bokchun_02.jpg: 52 items, in 2305 out 2240 thought 2737, 13506 ms
[39/135] A2 r2 007_bokchun_03.jpg: 16 items, in 2305 out 901 thought 2076, 9405 ms
[40/135] A2 r2 007_bokchun_04.jpg: 0 items, in 2305 out 5 thought 801, 5204 ms
[41/135] A2 r2 008_seorosang_01.png: 20 items, in 2319 out 1154 thought 1513, 8168 ms
[42/135] A2 r2 008_seorosang_02.png: 18 items, in 2319 out 1131 thought 1202, 7587 ms
[43/135] A2 r2 008_seorosang_03.png: 22 items, in 2319 out 1385 thought 1407, 8195 ms
[44/135] A2 r2 008_seorosang_04.png: 0 items, in 2319 out 5 thought 181, 3183 ms
[45/135] A2 r2 008_seorosang_05.png: 14 items, in 2319 out 919 thought 1316, 7667 ms
[46/135] B r2 007_bokchun_01.jpg: 77 items, in 2305 out 4324 thought 3327, 30682 ms
[47/135] B r2 007_bokchun_02.jpg: 52 items, in 2305 out 2865 thought 2644, 58365 ms
[48/135] B r2 007_bokchun_03.jpg: 16 items, in 2305 out 900 thought 1620, 12049 ms
[49/135] B r2 007_bokchun_04.jpg: 0 items, in 2305 out 9 thought 217, 12149 ms
--- resumed 2026-10-04T13:13:33+09:00 after hang on [50/135] (added 300s request timeout) ---
[1/135] skip ai\runs\2026-10-04_A\007_bokchun_01_r1.json
[2/135] skip ai\runs\2026-10-04_A\007_bokchun_02_r1.json
[3/135] skip ai\runs\2026-10-04_A\007_bokchun_03_r1.json
[4/135] skip ai\runs\2026-10-04_A\007_bokchun_04_r1.json
[5/135] skip ai\runs\2026-10-04_A\008_seorosang_01_r1.json
[6/135] skip ai\runs\2026-10-04_A\008_seorosang_02_r1.json
[7/135] skip ai\runs\2026-10-04_A\008_seorosang_03_r1.json
[8/135] skip ai\runs\2026-10-04_A\008_seorosang_04_r1.json
[9/135] skip ai\runs\2026-10-04_A\008_seorosang_05_r1.json
[10/135] skip ai\runs\2026-10-04_A2\007_bokchun_01_r1.json
[11/135] skip ai\runs\2026-10-04_A2\007_bokchun_02_r1.json
[12/135] skip ai\runs\2026-10-04_A2\007_bokchun_03_r1.json
[13/135] skip ai\runs\2026-10-04_A2\007_bokchun_04_r1.json
[14/135] skip ai\runs\2026-10-04_A2\008_seorosang_01_r1.json
[15/135] skip ai\runs\2026-10-04_A2\008_seorosang_02_r1.json
[16/135] skip ai\runs\2026-10-04_A2\008_seorosang_03_r1.json
[17/135] skip ai\runs\2026-10-04_A2\008_seorosang_04_r1.json
[18/135] skip ai\runs\2026-10-04_A2\008_seorosang_05_r1.json
[19/135] skip ai\runs\2026-10-04_B\007_bokchun_01_r1.json
[20/135] skip ai\runs\2026-10-04_B\007_bokchun_02_r1.json
[21/135] skip ai\runs\2026-10-04_B\007_bokchun_03_r1.json
[22/135] skip ai\runs\2026-10-04_B\007_bokchun_04_r1.json
[23/135] skip ai\runs\2026-10-04_B\008_seorosang_01_r1.json
[24/135] skip ai\runs\2026-10-04_B\008_seorosang_02_r1.json
[25/135] skip ai\runs\2026-10-04_B\008_seorosang_03_r1.json
[26/135] skip ai\runs\2026-10-04_B\008_seorosang_04_r1.json
[27/135] skip ai\runs\2026-10-04_B\008_seorosang_05_r1.json
[28/135] skip ai\runs\2026-10-04_A\007_bokchun_01_r2.json
[29/135] skip ai\runs\2026-10-04_A\007_bokchun_02_r2.json
[30/135] skip ai\runs\2026-10-04_A\007_bokchun_03_r2.json
[31/135] skip ai\runs\2026-10-04_A\007_bokchun_04_r2.json
[32/135] skip ai\runs\2026-10-04_A\008_seorosang_01_r2.json
[33/135] skip ai\runs\2026-10-04_A\008_seorosang_02_r2.json
[34/135] skip ai\runs\2026-10-04_A\008_seorosang_03_r2.json
[35/135] skip ai\runs\2026-10-04_A\008_seorosang_04_r2.json
[36/135] skip ai\runs\2026-10-04_A\008_seorosang_05_r2.json
[37/135] skip ai\runs\2026-10-04_A2\007_bokchun_01_r2.json
[38/135] skip ai\runs\2026-10-04_A2\007_bokchun_02_r2.json
[39/135] skip ai\runs\2026-10-04_A2\007_bokchun_03_r2.json
[40/135] skip ai\runs\2026-10-04_A2\007_bokchun_04_r2.json
[41/135] skip ai\runs\2026-10-04_A2\008_seorosang_01_r2.json
[42/135] skip ai\runs\2026-10-04_A2\008_seorosang_02_r2.json
[43/135] skip ai\runs\2026-10-04_A2\008_seorosang_03_r2.json
[44/135] skip ai\runs\2026-10-04_A2\008_seorosang_04_r2.json
[45/135] skip ai\runs\2026-10-04_A2\008_seorosang_05_r2.json
[46/135] skip ai\runs\2026-10-04_B\007_bokchun_01_r2.json
[47/135] skip ai\runs\2026-10-04_B\007_bokchun_02_r2.json
[48/135] skip ai\runs\2026-10-04_B\007_bokchun_03_r2.json
[49/135] skip ai\runs\2026-10-04_B\007_bokchun_04_r2.json
[50/135] B r2 008_seorosang_01.png: 20 items, in 2319 out 1154 thought 1852, 73888 ms
--- resumed 2026-10-04T13:35:56+09:00: A/A2 only (B daily quota likely exhausted); wall cap 330s, own retries ---
[1/90] skip ai\runs\2026-10-04_A\007_bokchun_01_r1.json
[2/90] skip ai\runs\2026-10-04_A\007_bokchun_02_r1.json
[3/90] skip ai\runs\2026-10-04_A\007_bokchun_03_r1.json
[4/90] skip ai\runs\2026-10-04_A\007_bokchun_04_r1.json
[5/90] skip ai\runs\2026-10-04_A\008_seorosang_01_r1.json
[6/90] skip ai\runs\2026-10-04_A\008_seorosang_02_r1.json
[7/90] skip ai\runs\2026-10-04_A\008_seorosang_03_r1.json
[8/90] skip ai\runs\2026-10-04_A\008_seorosang_04_r1.json
[9/90] skip ai\runs\2026-10-04_A\008_seorosang_05_r1.json
[10/90] skip ai\runs\2026-10-04_A2\007_bokchun_01_r1.json
[11/90] skip ai\runs\2026-10-04_A2\007_bokchun_02_r1.json
[12/90] skip ai\runs\2026-10-04_A2\007_bokchun_03_r1.json
[13/90] skip ai\runs\2026-10-04_A2\007_bokchun_04_r1.json
[14/90] skip ai\runs\2026-10-04_A2\008_seorosang_01_r1.json
[15/90] skip ai\runs\2026-10-04_A2\008_seorosang_02_r1.json
[16/90] skip ai\runs\2026-10-04_A2\008_seorosang_03_r1.json
[17/90] skip ai\runs\2026-10-04_A2\008_seorosang_04_r1.json
[18/90] skip ai\runs\2026-10-04_A2\008_seorosang_05_r1.json
[19/90] skip ai\runs\2026-10-04_A\007_bokchun_01_r2.json
[20/90] skip ai\runs\2026-10-04_A\007_bokchun_02_r2.json
[21/90] skip ai\runs\2026-10-04_A\007_bokchun_03_r2.json
[22/90] skip ai\runs\2026-10-04_A\007_bokchun_04_r2.json
[23/90] skip ai\runs\2026-10-04_A\008_seorosang_01_r2.json
[24/90] skip ai\runs\2026-10-04_A\008_seorosang_02_r2.json
[25/90] skip ai\runs\2026-10-04_A\008_seorosang_03_r2.json
[26/90] skip ai\runs\2026-10-04_A\008_seorosang_04_r2.json
[27/90] skip ai\runs\2026-10-04_A\008_seorosang_05_r2.json
[28/90] skip ai\runs\2026-10-04_A2\007_bokchun_01_r2.json
[29/90] skip ai\runs\2026-10-04_A2\007_bokchun_02_r2.json
[30/90] skip ai\runs\2026-10-04_A2\007_bokchun_03_r2.json
[31/90] skip ai\runs\2026-10-04_A2\007_bokchun_04_r2.json
[32/90] skip ai\runs\2026-10-04_A2\008_seorosang_01_r2.json
[33/90] skip ai\runs\2026-10-04_A2\008_seorosang_02_r2.json
[34/90] skip ai\runs\2026-10-04_A2\008_seorosang_03_r2.json
[35/90] skip ai\runs\2026-10-04_A2\008_seorosang_04_r2.json
[36/90] skip ai\runs\2026-10-04_A2\008_seorosang_05_r2.json
[37/90] A r3 007_bokchun_01.jpg: 77 items, in 2305 out 3400 thought 0, 10081 ms
[38/90] A r3 007_bokchun_02.jpg: 52 items, in 2305 out 2234 thought 0, 7567 ms
[39/90] A r3 007_bokchun_03.jpg: 18 items, in 2305 out 1007 thought 0, 4451 ms
[40/90] A r3 007_bokchun_04.jpg: 0 items, in 2305 out 5 thought 0, 3342 ms
[41/90] A r3 008_seorosang_01.png: 20 items, in 2319 out 1162 thought 0, 4610 ms
[42/90] A r3 008_seorosang_02.png: 18 items, in 2319 out 1151 thought 0, 4849 ms
[43/90] A r3 008_seorosang_03.png: 22 items, in 2319 out 1413 thought 0, 4698 ms
[44/90] A r3 008_seorosang_04.png: 0 items, in 2319 out 5 thought 0, 2402 ms
[45/90] A r3 008_seorosang_05.png: 14 items, in 2319 out 731 thought 0, 3729 ms
[46/90] A2 r3 007_bokchun_01.jpg: 77 items, in 2305 out 3400 thought 2079, 13991 ms
[47/90] A2 r3 007_bokchun_02.jpg: 52 items, in 2305 out 2234 thought 3028, 15719 ms
[48/90] A2 r3 007_bokchun_03.jpg: 16 items, in 2305 out 901 thought 1372, 6888 ms
[49/90] A2 r3 007_bokchun_04.jpg: 0 items, in 2305 out 5 thought 454, 4321 ms
[50/90] A2 r3 008_seorosang_01.png: 20 items, in 2319 out 1154 thought 1176, 7140 ms
[51/90] A2 r3 008_seorosang_02.png: 18 items, in 2319 out 921 thought 1412, 6272 ms
[52/90] A2 r3 008_seorosang_03.png: 22 items, in 2319 out 1121 thought 1550, 10567 ms
[53/90] A2 r3 008_seorosang_04.png: 0 items, in 2319 out 5 thought 181, 2453 ms
[54/90] A2 r3 008_seorosang_05.png: 14 items, in 2319 out 926 thought 1223, 6834 ms
[55/90] A r4 007_bokchun_01.jpg: 77 items, in 2305 out 3400 thought 0, 12772 ms
[56/90] A r4 007_bokchun_02.jpg: 52 items, in 2305 out 2234 thought 0, 7190 ms
[57/90] A r4 007_bokchun_03.jpg: 16 items, in 2305 out 901 thought 0, 4308 ms
[58/90] A r4 007_bokchun_04.jpg: 0 items, in 2305 out 5 thought 0, 2649 ms
[59/90] A r4 008_seorosang_01.png: 20 items, in 2319 out 1162 thought 0, 4453 ms
[60/90] A r4 008_seorosang_02.png: 18 items, in 2319 out 891 thought 0, 3741 ms
[61/90] A r4 008_seorosang_03.png: 22 items, in 2319 out 1409 thought 0, 4522 ms
[62/90] A r4 008_seorosang_04.png: 0 items, in 2319 out 5 thought 0, 2458 ms
[63/90] A r4 008_seorosang_05.png: 14 items, in 2319 out 935 thought 0, 4437 ms
[64/90] A2 r4 007_bokchun_01.jpg: 77 items, in 2305 out 3400 thought 2802, 15270 ms
[65/90] A2 r4 007_bokchun_02.jpg: 52 items, in 2305 out 2240 thought 2532, 14215 ms
[66/90] A2 r4 007_bokchun_03.jpg: 16 items, in 2305 out 901 thought 1446, 7034 ms
[67/90] A2 r4 007_bokchun_04.jpg: 0 items, in 2305 out 5 thought 467, 3847 ms
[68/90] A2 r4 008_seorosang_01.png: 20 items, in 2319 out 1154 thought 1550, 8063 ms
[69/90] A2 r4 008_seorosang_02.png: 18 items, in 2319 out 1131 thought 1356, 8473 ms
[70/90] A2 r4 008_seorosang_03.png: 22 items, in 2319 out 1121 thought 1571, 7235 ms
[71/90] A2 r4 008_seorosang_04.png: 0 items, in 2319 out 5 thought 542, 3201 ms
[72/90] A2 r4 008_seorosang_05.png: 14 items, in 2319 out 919 thought 1053, 8166 ms
[73/90] A r5 007_bokchun_01.jpg: 77 items, in 2305 out 3400 thought 0, 8509 ms
[74/90] A r5 007_bokchun_02.jpg: 52 items, in 2305 out 2865 thought 0, 8344 ms
[75/90] A r5 007_bokchun_03.jpg: 18 items, in 2305 out 1007 thought 0, 5347 ms
[76/90] A r5 007_bokchun_04.jpg: 0 items, in 2305 out 5 thought 0, 2690 ms
[77/90] A r5 008_seorosang_01.png: 20 items, in 2319 out 1156 thought 0, 4596 ms
[78/90] A r5 008_seorosang_02.png: 18 items, in 2319 out 941 thought 0, 3849 ms
[79/90] A r5 008_seorosang_03.png: 22 items, in 2319 out 1413 thought 0, 5713 ms
[80/90] A r5 008_seorosang_04.png: 0 items, in 2319 out 5 thought 0, 3907 ms
[81/90] A r5 008_seorosang_05.png: 14 items, in 2319 out 933 thought 0, 6454 ms
[82/90] A2 r5 007_bokchun_01.jpg: 77 items, in 2305 out 3402 thought 1616, 18550 ms
[83/90] A2 r5 007_bokchun_02.jpg: 52 items, in 2305 out 2240 thought 2424, 14265 ms
[84/90] A2 r5 007_bokchun_03.jpg: 16 items, in 2305 out 703 thought 1531, 8480 ms
[85/90] A2 r5 007_bokchun_04.jpg: 0 items, in 2305 out 5 thought 494, 5017 ms
[86/90] A2 r5 008_seorosang_01.png: 20 items, in 2319 out 1154 thought 1296, 7824 ms
[87/90] A2 r5 008_seorosang_02.png: 18 items, in 2319 out 1143 thought 1790, 8380 ms
[88/90] A2 r5 008_seorosang_03.png: 22 items, in 2319 out 1391 thought 1044, 9220 ms
[89/90] A2 r5 008_seorosang_04.png: 0 items, in 2319 out 5 thought 269, 3478 ms
[90/90] A2 r5 008_seorosang_05.png: 14 items, in 2319 out 921 thought 1137, 6835 ms
